ImportError while loading conftest '/app/tests/conftest.py'.
tests/conftest.py:18: in <module>
    from omlx._torch_stub import install as _install_torch_stub
E   ModuleNotFoundError: No module named 'omlx'
